test_1_database_structure (__main__.TestMealDeliverySystem.test_1_database_structure)
測試 1: 資料庫結構檢查 ... ok
test_2_task_assignment_logic (__main__.TestMealDeliverySystem.test_2_task_assignment_logic)
測試 2: 排班與認領邏輯 ... ok
test_3_delivery_record_logic (__main__.TestMealDeliverySystem.test_3_delivery_record_logic)
測試 3: 打卡紀錄邏輯 ... ERROR

======================================================================
ERROR: test_3_delivery_record_logic (__main__.TestMealDeliverySystem.test_3_delivery_record_logic)
測試 3: 打卡紀錄邏輯
----------------------------------------------------------------------
Traceback (most recent call last):
  File "D:\下載\fire_dept_automation\tests\test_meal_delivery.py", line 115, in test_3_delivery_record_logic
    elderly_id = db_manager.create_elderly_profile(
                 ^^^^^^^^^^^^^^^^^^^^^^^^^^^^^^^^^^
  File "D:\下載\fire_dept_automation\db_manager.py", line 638, in create_elderly_profile
    c.execute('''
sqlite3.OperationalError: table elderly_profiles has no column named sequence

----------------------------------------------------------------------
Ran 3 tests in 0.446s

FAILED (errors=1)

==================================================
開始執行送餐系統邏輯測試
==================================================

🧪 測試 1: 檢查資料庫結構...
   ✅ elderly_profiles 表結構正確
   ✅ delivery_records 表結構正確

🧪 測試 2: 排班認領邏輯...
   ✅ 任務 4 成功指派給 test_volunteer_001

🧪 測試 3: 打卡紀錄邏輯...
